
Gurobi 13.0.2 (win64, Java) logging started Tue Jul 21 12:12:49 2026

Set parameter Username
Set parameter LicenseID to value 2837805
Academic license - for non-commercial use only - expires 2027-06-23
Set parameter Presolve to value -1
Set parameter Seed to value 0
Set parameter TimeLimit to value 570
Set parameter Presolve to value -1
Set parameter TimeLimit to value 570
Set parameter Seed to value 0
Set parameter Threads to value 4
Set parameter TimeLimit to value 542.7710297
Gurobi Optimizer version 13.0.2 build v13.0.2rc1 (win64 - Windows 11+.0 (26200.2))

CPU model: AMD Ryzen 7 5825U with Radeon Graphics, instruction set [SSE2|AVX|AVX2]
Thread count: 8 physical cores, 16 logical processors, using up to 4 threads

Non-default parameters:
TimeLimit  542.7710297
Threads  4

Optimize a model with 4625 rows, 105344 columns and 1101440 nonzeros (Min)
Model fingerprint: 0x522adb98
Model has 104160 linear objective coefficients
Variable types: 0 continuous, 105344 integer (105344 binary)
Coefficient statistics:
  Matrix range     [1e+00, 1e+02]
  Objective range  [1e+00, 5e+02]
  Bounds range     [1e+00, 1e+00]
  RHS range        [1e+00, 1e+03]

Found heuristic solution: objective 4601.0000000
Presolve removed 1609 rows and 34382 columns (presolve time = 5s)...
Presolve removed 1609 rows and 34382 columns
Presolve time: 6.37s
Presolved: 3016 rows, 70962 columns, 636716 nonzeros
Found heuristic solution: objective 4585.0000000
Variable types: 0 continuous, 70962 integer (70962 binary)
Deterministic concurrent LP optimizer: primal simplex, dual simplex, and barrier
Showing barrier log only...

Root barrier log...

Ordering time: 0.01s

Barrier statistics:
 AA' NZ     : 6.062e+04
 Factor NZ  : 1.042e+05 (roughly 15 MB of memory)
 Factor Ops : 6.759e+06 (less than 1 second per iteration)
 Threads    : 2

                  Objective                Residual
Iter       Primal          Dual         Primal    Dual     Compl     Time
   0   4.81800385e+07  4.56377997e+03  8.36e+03 1.72e+01  2.39e+02     7s

Barrier performed 0 iterations in 7.46 seconds (3.95 work units)
Barrier solve interrupted - model solved by another algorithm

Concurrent spin time: 0.09s

Solved with primal simplex

Root simplex log...

Iteration    Objective       Primal Inf.    Dual Inf.      Time
     225    4.4840000e+03   0.000000e+00   0.000000e+00      7s

Use crossover to convert LP symmetric solution to basic solution...

Root crossover log...

       0 DPushes remaining with DInf 0.0000000e+00                 8s

      40 PPushes remaining with PInf 0.0000000e+00                 8s
       0 PPushes remaining with PInf 0.0000000e+00                 8s

  Push phase complete: Pinf 0.0000000e+00, Dinf 0.0000000e+00      8s


Root simplex log...

Iteration    Objective       Primal Inf.    Dual Inf.      Time
     289    4.4840000e+03   0.000000e+00   0.000000e+00      8s
Crossover time: 0.04 seconds (0.01 work units)

Root relaxation: objective 4.484000e+03, 289 iterations, 0.79 seconds (0.48 work units)

    Nodes    |    Current Node    |     Objective Bounds      |     Work
 Expl Unexpl |  Obj  Depth IntInf | Incumbent    BestBd   Gap | It/Node Time

H    0     0                    4484.0000000 4484.00000  0.00%     -    7s
     0     0 4484.00000    0   17 4484.00000 4484.00000  0.00%     -    7s

Explored 1 nodes (289 simplex iterations) in 7.59 seconds (3.97 work units)
Thread count was 4 (of 16 available processors)

Solution count 3: 4484 4585 4601 

Optimal solution found (tolerance 1.00e-04)
Best objective 4.484000000000e+03, best bound 4.484000000000e+03, gap 0.0000%

Gurobi 13.0.2 (win64, Java) logging started Tue Jul 21 12:13:05 2026

Set parameter Username
Set parameter LicenseID to value 2837805
Academic license - for non-commercial use only - expires 2027-06-23
Set parameter Presolve to value -1
Set parameter Seed to value 0
Set parameter TimeLimit to value 542.7710297
Set parameter Presolve to value -1
Set parameter TimeLimit to value 542.7710297
Set parameter Seed to value 0
Set parameter Threads to value 4

Gurobi 13.0.2 (win64, Java) logging started Wed Jul 22 11:03:47 2026

Set parameter Username
Set parameter LicenseID to value 2837805
Academic license - for non-commercial use only - expires 2027-06-23
Set parameter Presolve to value -1
Set parameter Seed to value 0
Set parameter TimeLimit to value 570
Set parameter Presolve to value -1
Set parameter TimeLimit to value 570
Set parameter Seed to value 0
Set parameter Threads to value 4
Set parameter TimeLimit to value 553.2174626
Gurobi Optimizer version 13.0.2 build v13.0.2rc1 (win64 - Windows 11+.0 (26200.2))

CPU model: AMD Ryzen 7 5825U with Radeon Graphics, instruction set [SSE2|AVX|AVX2]
Thread count: 8 physical cores, 16 logical processors, using up to 4 threads

Non-default parameters:
TimeLimit  553.2174626
Threads  4

Optimize a model with 4625 rows, 105344 columns and 1101440 nonzeros (Min)
Model fingerprint: 0xd74165fd
Model has 104160 linear objective coefficients
Variable types: 0 continuous, 105344 integer (105344 binary)
Coefficient statistics:
  Matrix range     [1e+00, 1e+02]
  Objective range  [1e+00, 5e+02]
  Bounds range     [1e+00, 1e+00]
  RHS range        [1e+00, 1e+03]

Found heuristic solution: objective 4587.0000000
Presolve removed 1609 rows and 34382 columns
Presolve time: 3.90s
Presolved: 3016 rows, 70962 columns, 636716 nonzeros
Found heuristic solution: objective 4550.0000000
Variable types: 0 continuous, 70962 integer (70962 binary)
Deterministic concurrent LP optimizer: primal simplex, dual simplex, and barrier
Showing barrier log only...

Root barrier log...

Ordering time: 0.00s

Barrier statistics:
 AA' NZ     : 5.948e+04
 Factor NZ  : 1.029e+05 (roughly 15 MB of memory)
 Factor Ops : 6.782e+06 (less than 1 second per iteration)
 Threads    : 2

                  Objective                Residual
Iter       Primal          Dual         Primal    Dual     Compl     Time
   0   5.05241692e+07  4.53607495e+03  9.32e+03 1.10e+01  1.96e+02     5s
   1   1.30049711e+07 -3.20140005e+04  2.40e+03 4.48e+01  5.19e+01     5s

Barrier performed 1 iterations in 4.63 seconds (3.96 work units)
Barrier solve interrupted - model solved by another algorithm

Concurrent spin time: 0.05s

Solved with primal simplex

Use crossover to convert LP symmetric solution to basic solution...
Crossover time: 0.02 seconds (0.01 work units)

Root relaxation: objective 4.484000e+03, 267 iterations, 0.56 seconds (0.48 work units)

    Nodes    |    Current Node    |     Objective Bounds      |     Work
 Expl Unexpl |  Obj  Depth IntInf | Incumbent    BestBd   Gap | It/Node Time

H    0     0                    4484.0000000 4484.00000  0.00%     -    4s
     0     0 4484.00000    0   33 4484.00000 4484.00000  0.00%     -    4s

Explored 1 nodes (267 simplex iterations) in 4.71 seconds (3.98 work units)
Thread count was 4 (of 16 available processors)

Solution count 3: 4484 4550 4587 

Optimal solution found (tolerance 1.00e-04)
Best objective 4.484000000000e+03, best bound 4.484000000000e+03, gap 0.0000%

Gurobi 13.0.2 (win64, Java) logging started Wed Jul 22 11:03:54 2026

Set parameter Username
Set parameter LicenseID to value 2837805
Academic license - for non-commercial use only - expires 2027-06-23
Set parameter Presolve to value -1
Set parameter Seed to value 0
Set parameter TimeLimit to value 553.2174626
Set parameter Presolve to value -1
Set parameter TimeLimit to value 553.2174626
Set parameter Seed to value 0
Set parameter Threads to value 4
